23:30:27.227 [main] INFO  testCases.TC_006_EndToEndTest - *****  Finished  TC_006_EndToEndTest    *****
23:42:56.784 [main] DEBUG org.testng.TestNG - suiteXmlPath: "D:\QA Project\eCommerce\testing.xml"
23:43:00.049 [main] INFO  testCases.TC_006_EndToEndTest - *****  Starting  TC_006_EndToEndTest    *****
23:43:00.049 [main] DEBUG testCases.TC_006_EndToEndTest - application logs started...
23:43:03.054 [main] INFO  testCases.TC_006_EndToEndTest - new user registration...
23:43:06.909 [main] INFO  testCases.TC_006_EndToEndTest - search product...
23:43:10.406 [main] INFO  testCases.TC_006_EndToEndTest - add product to shopping cart...
23:43:19.930 [main] INFO  testCases.TC_006_EndToEndTest - check shopping cart...
23:43:23.124 [main] INFO  testCases.TC_006_EndToEndTest - checkout...
23:43:51.154 [main] INFO  testCases.TC_006_EndToEndTest - *****  Finished  TC_006_EndToEndTest    *****
23:53:37.200 [main] DEBUG org.testng.TestNG - suiteXmlPath: "D:\QA Project\eCommerce\testing.xml"
23:53:40.539 [main] INFO  testCases.TC_006_EndToEndTest - *****  Starting  TC_006_EndToEndTest    *****
23:53:40.540 [main] DEBUG testCases.TC_006_EndToEndTest - application logs started...
23:53:43.542 [main] INFO  testCases.TC_006_EndToEndTest - new user registration...
23:53:47.446 [main] INFO  testCases.TC_006_EndToEndTest - search product...
23:53:50.980 [main] INFO  testCases.TC_006_EndToEndTest - add product to shopping cart...
23:54:00.566 [main] INFO  testCases.TC_006_EndToEndTest - check shopping cart...
23:54:03.770 [main] INFO  testCases.TC_006_EndToEndTest - checkout...
23:56:01.521 [main] DEBUG org.testng.TestNG - suiteXmlPath: "D:\QA Project\eCommerce\testing.xml"
23:56:04.720 [main] INFO  testCases.TC_006_EndToEndTest - *****  Starting  TC_006_EndToEndTest    *****
23:56:04.720 [main] DEBUG testCases.TC_006_EndToEndTest - application logs started...
23:56:07.722 [main] INFO  testCases.TC_006_EndToEndTest - new user registration...
23:56:14.458 [main] INFO  testCases.TC_006_EndToEndTest - search product...
23:56:18.091 [main] INFO  testCases.TC_006_EndToEndTest - add product to shopping cart...
23:56:27.568 [main] INFO  testCases.TC_006_EndToEndTest - check shopping cart...
23:56:30.775 [main] INFO  testCases.TC_006_EndToEndTest - checkout...
23:59:16.070 [main] DEBUG org.testng.TestNG - suiteXmlPath: "D:\QA Project\eCommerce\testing.xml"
23:59:19.333 [main] INFO  testCases.TC_006_EndToEndTest - *****  Starting  TC_006_EndToEndTest    *****
23:59:19.333 [main] DEBUG testCases.TC_006_EndToEndTest - application logs started...
23:59:22.335 [main] INFO  testCases.TC_006_EndToEndTest - new user registration...
23:59:29.084 [main] INFO  testCases.TC_006_EndToEndTest - search product...
23:59:32.728 [main] INFO  testCases.TC_006_EndToEndTest - add product to shopping cart...
23:59:42.196 [main] INFO  testCases.TC_006_EndToEndTest - check shopping cart...
23:59:48.399 [main] INFO  testCases.TC_006_EndToEndTest - checkout...
00:05:42.423 [main] DEBUG org.testng.TestNG - suiteXmlPath: "D:\QA Project\eCommerce\testing.xml"
00:05:45.609 [main] INFO  testCases.TC_006_EndToEndTest - *****  Starting  TC_006_EndToEndTest    *****
00:05:45.609 [main] DEBUG testCases.TC_006_EndToEndTest - application logs started...
00:05:48.611 [main] INFO  testCases.TC_006_EndToEndTest - new user registration...
00:05:55.343 [main] INFO  testCases.TC_006_EndToEndTest - search product...
00:05:58.982 [main] INFO  testCases.TC_006_EndToEndTest - add product to shopping cart...
00:06:08.445 [main] INFO  testCases.TC_006_EndToEndTest - check shopping cart...
00:06:14.642 [main] INFO  testCases.TC_006_EndToEndTest - checkout...
00:06:51.322 [main] INFO  testCases.TC_006_EndToEndTest - *****  Finished  TC_006_EndToEndTest    *****
