23:20:02.117 [main] DEBUG testCases.TC_006_EndToEndTest - application logs started...
23:20:05.120 [main] INFO  testCases.TC_006_EndToEndTest - new user registration...
23:20:08.988 [main] INFO  testCases.TC_006_EndToEndTest - search product...
23:20:12.472 [main] INFO  testCases.TC_006_EndToEndTest - add product to shopping cart...
23:20:16.005 [main] INFO  testCases.TC_006_EndToEndTest - check shopping cart...
23:20:19.202 [main] INFO  testCases.TC_006_EndToEndTest - checkout...
23:21:20.812 [main] DEBUG org.testng.TestNG - suiteXmlPath: "D:\QA Project\eCommerce\testing.xml"
23:21:23.980 [main] INFO  testCases.TC_006_EndToEndTest - *****  Starting  TC_006_EndToEndTest    *****
23:21:23.980 [main] DEBUG testCases.TC_006_EndToEndTest - application logs started...
23:21:26.981 [main] INFO  testCases.TC_006_EndToEndTest - new user registration...
23:21:30.844 [main] INFO  testCases.TC_006_EndToEndTest - search product...
23:21:34.300 [main] INFO  testCases.TC_006_EndToEndTest - add product to shopping cart...
23:21:37.878 [main] INFO  testCases.TC_006_EndToEndTest - check shopping cart...
23:21:41.079 [main] INFO  testCases.TC_006_EndToEndTest - checkout...
23:22:47.779 [main] DEBUG org.testng.TestNG - suiteXmlPath: "D:\QA Project\eCommerce\testing.xml"
23:22:50.984 [main] INFO  testCases.TC_006_EndToEndTest - *****  Starting  TC_006_EndToEndTest    *****
23:22:50.984 [main] DEBUG testCases.TC_006_EndToEndTest - application logs started...
23:22:53.985 [main] INFO  testCases.TC_006_EndToEndTest - new user registration...
23:22:57.900 [main] INFO  testCases.TC_006_EndToEndTest - search product...
23:23:01.371 [main] INFO  testCases.TC_006_EndToEndTest - add product to shopping cart...
23:23:59.109 [main] DEBUG org.testng.TestNG - suiteXmlPath: "D:\QA Project\eCommerce\testing.xml"
23:24:02.396 [main] INFO  testCases.TC_006_EndToEndTest - *****  Starting  TC_006_EndToEndTest    *****
23:24:02.396 [main] DEBUG testCases.TC_006_EndToEndTest - application logs started...
23:24:05.396 [main] INFO  testCases.TC_006_EndToEndTest - new user registration...
23:24:09.268 [main] INFO  testCases.TC_006_EndToEndTest - search product...
23:24:12.740 [main] INFO  testCases.TC_006_EndToEndTest - add product to shopping cart...
23:24:49.219 [main] DEBUG org.testng.TestNG - suiteXmlPath: "D:\QA Project\eCommerce\testing.xml"
23:24:52.367 [main] INFO  testCases.TC_006_EndToEndTest - *****  Starting  TC_006_EndToEndTest    *****
23:24:52.367 [main] DEBUG testCases.TC_006_EndToEndTest - application logs started...
23:24:55.368 [main] INFO  testCases.TC_006_EndToEndTest - new user registration...
23:24:59.213 [main] INFO  testCases.TC_006_EndToEndTest - search product...
23:25:02.742 [main] INFO  testCases.TC_006_EndToEndTest - add product to shopping cart...
23:25:15.263 [main] INFO  testCases.TC_006_EndToEndTest - check shopping cart...
23:25:18.473 [main] INFO  testCases.TC_006_EndToEndTest - checkout...
23:26:39.820 [main] DEBUG org.testng.TestNG - suiteXmlPath: "D:\QA Project\eCommerce\testing.xml"
23:26:43.053 [main] INFO  testCases.TC_006_EndToEndTest - *****  Starting  TC_006_EndToEndTest    *****
23:26:43.053 [main] DEBUG testCases.TC_006_EndToEndTest - application logs started...
23:26:46.053 [main] INFO  testCases.TC_006_EndToEndTest - new user registration...
23:26:49.927 [main] INFO  testCases.TC_006_EndToEndTest - search product...
23:26:53.417 [main] INFO  testCases.TC_006_EndToEndTest - add product to shopping cart...
23:27:05.913 [main] INFO  testCases.TC_006_EndToEndTest - check shopping cart...
23:27:09.106 [main] INFO  testCases.TC_006_EndToEndTest - checkout...
23:27:25.388 [main] DEBUG org.testng.TestNG - suiteXmlPath: "D:\QA Project\eCommerce\testing.xml"
23:27:28.654 [main] INFO  testCases.TC_006_EndToEndTest - *****  Starting  TC_006_EndToEndTest    *****
23:27:28.654 [main] DEBUG testCases.TC_006_EndToEndTest - application logs started...
23:27:31.655 [main] INFO  testCases.TC_006_EndToEndTest - new user registration...
23:27:35.482 [main] INFO  testCases.TC_006_EndToEndTest - search product...
23:27:38.963 [main] INFO  testCases.TC_006_EndToEndTest - add product to shopping cart...
23:27:51.473 [main] INFO  testCases.TC_006_EndToEndTest - check shopping cart...
23:27:54.678 [main] INFO  testCases.TC_006_EndToEndTest - checkout...
23:29:11.971 [main] DEBUG org.testng.TestNG - suiteXmlPath: "D:\QA Project\eCommerce\testing.xml"
23:29:15.257 [main] INFO  testCases.TC_006_EndToEndTest - *****  Starting  TC_006_EndToEndTest    *****
23:29:15.258 [main] DEBUG testCases.TC_006_EndToEndTest - application logs started...
23:29:18.259 [main] INFO  testCases.TC_006_EndToEndTest - new user registration...
23:29:22.131 [main] INFO  testCases.TC_006_EndToEndTest - search product...
23:29:25.596 [main] INFO  testCases.TC_006_EndToEndTest - add product to shopping cart...
23:29:38.153 [main] INFO  testCases.TC_006_EndToEndTest - check shopping cart...
23:29:41.349 [main] INFO  testCases.TC_006_EndToEndTest - checkout...
