16:59:20.837 [main] DEBUG org.testng.TestNG - suiteXmlPath: "D:\QA Project\opencart\testing.xml"
16:59:21.253 [main] INFO  org.testng.internal.Utils - [TestNG] Running:
  D:\QA Project\opencart\testing.xml

17:13:43.734 [main] DEBUG org.testng.TestNG - suiteXmlPath: "D:\QA Project\opencart\testing.xml"
17:13:44.147 [main] INFO  org.testng.internal.Utils - [TestNG] Running:
  D:\QA Project\opencart\testing.xml

17:28:43.347 [main] DEBUG org.testng.TestNG - suiteXmlPath: "D:\QA Project\opencart\testing.xml"
17:28:43.765 [main] INFO  org.testng.internal.Utils - [TestNG] Running:
  D:\QA Project\opencart\testing.xml

17:35:05.085 [main] DEBUG org.testng.TestNG - suiteXmlPath: "D:\QA Project\opencart\testing.xml"
17:35:05.468 [main] INFO  org.testng.internal.Utils - [TestNG] Running:
  D:\QA Project\opencart\testing.xml

17:36:38.659 [main] DEBUG org.testng.TestNG - suiteXmlPath: "D:\QA Project\opencart\testing.xml"
17:36:39.104 [main] INFO  org.testng.internal.Utils - [TestNG] Running:
  D:\QA Project\opencart\testing.xml

17:38:44.966 [main] DEBUG org.testng.TestNG - suiteXmlPath: "D:\QA Project\opencart\testing.xml"
17:38:45.380 [main] INFO  org.testng.internal.Utils - [TestNG] Running:
  D:\QA Project\opencart\testing.xml

17:40:33.878 [main] DEBUG org.testng.TestNG - suiteXmlPath: "D:\QA Project\opencart\testing.xml"
17:40:34.253 [main] INFO  org.testng.internal.Utils - [TestNG] Running:
  D:\QA Project\opencart\testing.xml

17:44:43.427 [main] DEBUG org.testng.TestNG - suiteXmlPath: "D:\QA Project\opencart\testing.xml"
17:44:43.800 [main] INFO  org.testng.internal.Utils - [TestNG] Running:
  D:\QA Project\opencart\testing.xml

17:47:01.270 [main] DEBUG org.testng.TestNG - suiteXmlPath: "D:\QA Project\opencart\testing.xml"
17:47:01.649 [main] INFO  org.testng.internal.Utils - [TestNG] Running:
  D:\QA Project\opencart\testing.xml

17:47:38.511 [main] DEBUG org.testng.TestNG - suiteXmlPath: "D:\QA Project\opencart\testing.xml"
17:47:38.889 [main] INFO  org.testng.internal.Utils - [TestNG] Running:
  D:\QA Project\opencart\testing.xml

17:47:41.695 [main] INFO  testCases.TC_002_LoginTest - *****  Starting  TC_002_LoginTest    *****
17:47:41.696 [main] DEBUG testCases.TC_002_LoginTest - capturing application debug logs....
17:47:42.158 [main] INFO  testCases.TC_002_LoginTest - Entering email and password...
17:47:44.473 [main] INFO  testCases.TC_002_LoginTest - *****  Finished  TC_002_LoginTest    *****
18:24:02.300 [main] DEBUG org.testng.TestNG - suiteXmlPath: "D:\QA Project\opencart\testing.xml"
18:24:05.489 [main] INFO  testCases.TC_001_AccountRegistrationTest - *****  Starting  TC_001_AccountRegistrationTest    *****
18:24:05.490 [main] DEBUG testCases.TC_001_AccountRegistrationTest - application logs started...
18:24:05.580 [main] INFO  testCases.TC_001_AccountRegistrationTest - Clicked on My Account link...
18:24:06.428 [main] INFO  testCases.TC_001_AccountRegistrationTest - Clicked on Registration link...
18:24:06.932 [main] INFO  testCases.TC_001_AccountRegistrationTest - Entering customer information...
18:24:07.790 [main] INFO  testCases.TC_001_AccountRegistrationTest - Clicked on Continue...
18:24:08.317 [main] INFO  testCases.TC_001_AccountRegistrationTest - Validating expected message...
18:24:08.319 [main] DEBUG testCases.TC_001_AccountRegistrationTest - application logs ended...
18:24:08.319 [main] INFO  testCases.TC_001_AccountRegistrationTest - *****  Finished  TC_001_AccountRegistrationTest    *****
18:24:10.591 [main] INFO  testCases.TC_002_LoginTest - *****  Starting  TC_002_LoginTest    *****
18:24:10.591 [main] DEBUG testCases.TC_002_LoginTest - capturing application debug logs....
18:24:11.066 [main] INFO  testCases.TC_002_LoginTest - Entering email and password...
18:24:13.381 [main] INFO  testCases.TC_002_LoginTest - *****  Finished  TC_002_LoginTest    *****
19:00:51.435 [main] DEBUG org.testng.TestNG - suiteXmlPath: "D:\QA Project\opencart\testing.xml"
19:01:33.827 [main] DEBUG org.testng.TestNG - suiteXmlPath: "D:\QA Project\opencart\testing.xml"
19:01:37.541 [main] INFO  testCases.TC_001_AccountRegistrationTest - *****  Starting  TC_001_AccountRegistrationTest    *****
19:01:37.541 [main] DEBUG testCases.TC_001_AccountRegistrationTest - application logs started...
19:01:37.620 [main] INFO  testCases.TC_001_AccountRegistrationTest - Clicked on My Account link...
19:01:38.425 [main] INFO  testCases.TC_001_AccountRegistrationTest - Clicked on Registration link...
19:01:38.928 [main] INFO  testCases.TC_001_AccountRegistrationTest - Entering customer information...
19:01:39.721 [main] INFO  testCases.TC_001_AccountRegistrationTest - Clicked on Continue...
19:01:40.243 [main] INFO  testCases.TC_001_AccountRegistrationTest - Validating expected message...
19:01:40.244 [main] DEBUG testCases.TC_001_AccountRegistrationTest - application logs ended...
19:01:40.244 [main] INFO  testCases.TC_001_AccountRegistrationTest - *****  Finished  TC_001_AccountRegistrationTest    *****
