17:07:20.523 [main] DEBUG org.apache.poi.ooxml.POIXMLFactory - using default POIXMLDocumentPart for http://schemas.openxmlformats.org/officeDocument/2006/relationships/printerSettings
17:07:20.540 [main] INFO  testCases.TC_003_LoginDDT - *****  Starting  TC_003_LoginLoginDDT    *****
17:07:20.540 [main] DEBUG testCases.TC_003_LoginDDT - capturing application debug logs....
17:07:20.845 [main] INFO  testCases.TC_003_LoginDDT - Entering email and password...
17:07:23.291 [main] INFO  testCases.TC_003_LoginDDT - *****  Finished  TC_003_LoginLoginDDT    *****
17:07:23.293 [main] INFO  testCases.TC_003_LoginDDT - *****  Starting  TC_003_LoginLoginDDT    *****
17:07:23.293 [main] DEBUG testCases.TC_003_LoginDDT - capturing application debug logs....
17:07:23.503 [main] INFO  testCases.TC_003_LoginDDT - Entering email and password...
17:07:25.648 [main] INFO  testCases.TC_003_LoginDDT - *****  Finished  TC_003_LoginLoginDDT    *****
17:07:25.649 [main] INFO  testCases.TC_003_LoginDDT - *****  Starting  TC_003_LoginLoginDDT    *****
17:07:25.649 [main] DEBUG testCases.TC_003_LoginDDT - capturing application debug logs....
17:07:25.899 [main] INFO  testCases.TC_003_LoginDDT - Entering email and password...
17:07:28.037 [main] INFO  testCases.TC_003_LoginDDT - *****  Finished  TC_003_LoginLoginDDT    *****
17:07:28.037 [main] INFO  testCases.TC_003_LoginDDT - *****  Starting  TC_003_LoginLoginDDT    *****
17:07:28.037 [main] DEBUG testCases.TC_003_LoginDDT - capturing application debug logs....
17:07:28.205 [main] INFO  testCases.TC_003_LoginDDT - Entering email and password...
17:07:30.370 [main] INFO  testCases.TC_003_LoginDDT - *****  Finished  TC_003_LoginLoginDDT    *****
17:07:30.370 [main] INFO  testCases.TC_003_LoginDDT - *****  Starting  TC_003_LoginLoginDDT    *****
17:07:30.370 [main] DEBUG testCases.TC_003_LoginDDT - capturing application debug logs....
17:07:30.619 [main] INFO  testCases.TC_003_LoginDDT - Entering email and password...
17:07:32.995 [main] INFO  testCases.TC_003_LoginDDT - *****  Finished  TC_003_LoginLoginDDT    *****
19:09:59.468 [main] DEBUG org.testng.TestNG - suiteXmlPath: "D:\QA Project\opencart\grouping.xml"
19:09:59.881 [main] INFO  org.testng.internal.Utils - [TestNG] Running:
  D:\QA Project\opencart\grouping.xml

19:10:03.067 [main] INFO  testCases.TC_002_LoginTest - *****  Starting  TC_002_LoginTest    *****
19:10:03.067 [main] DEBUG testCases.TC_002_LoginTest - capturing application debug logs....
19:10:03.364 [main] INFO  testCases.TC_002_LoginTest - Entering email and password...
19:10:05.594 [main] INFO  testCases.TC_002_LoginTest - *****  Finished  TC_002_LoginTest    *****
02:36:08.454 [main] DEBUG org.testng.TestNG - suiteXmlPath: "D:\QA Project\opencart\grouping.xml"
02:36:08.899 [main] INFO  org.testng.internal.Utils - [TestNG] Running:
  D:\QA Project\opencart\grouping.xml

02:36:12.747 [main] INFO  testCases.TC_001_AccountRegistrationTest - *****  Starting  TC_001_AccountRegistrationTest    *****
02:36:12.747 [main] DEBUG testCases.TC_001_AccountRegistrationTest - application logs started...
02:36:12.824 [main] INFO  testCases.TC_001_AccountRegistrationTest - Clicked on My Account link...
02:36:13.557 [main] INFO  testCases.TC_001_AccountRegistrationTest - Clicked on Registration link...
02:36:14.058 [main] INFO  testCases.TC_001_AccountRegistrationTest - Entering customer information...
02:36:14.844 [main] INFO  testCases.TC_001_AccountRegistrationTest - Clicked on Continue...
02:36:15.365 [main] INFO  testCases.TC_001_AccountRegistrationTest - Validating expected message...
02:36:15.366 [main] DEBUG testCases.TC_001_AccountRegistrationTest - application logs ended...
02:36:15.366 [main] INFO  testCases.TC_001_AccountRegistrationTest - *****  Finished  TC_001_AccountRegistrationTest    *****
02:36:18.545 [main] INFO  testCases.TC_002_LoginTest - *****  Starting  TC_002_LoginTest    *****
02:36:18.545 [main] DEBUG testCases.TC_002_LoginTest - capturing application debug logs....
02:36:18.886 [main] INFO  testCases.TC_002_LoginTest - Entering email and password...
02:36:21.125 [main] INFO  testCases.TC_002_LoginTest - *****  Finished  TC_002_LoginTest    *****
02:40:09.709 [main] DEBUG org.testng.TestNG - suiteXmlPath: "D:\QA Project\opencart\grouping.xml"
02:40:10.131 [main] INFO  org.testng.internal.Utils - [TestNG] Running:
  D:\QA Project\opencart\grouping.xml

02:40:13.390 [main] INFO  testCases.TC_001_AccountRegistrationTest - *****  Starting  TC_001_AccountRegistrationTest    *****
02:40:13.390 [main] DEBUG testCases.TC_001_AccountRegistrationTest - application logs started...
02:40:13.467 [main] INFO  testCases.TC_001_AccountRegistrationTest - Clicked on My Account link...
02:40:14.166 [main] INFO  testCases.TC_001_AccountRegistrationTest - Clicked on Registration link...
02:40:14.668 [main] INFO  testCases.TC_001_AccountRegistrationTest - Entering customer information...
02:40:15.473 [main] INFO  testCases.TC_001_AccountRegistrationTest - Clicked on Continue...
